╔══════════════════════════════════════════════════════════╗
║       Luddy Hackathon SP26 — API Stress Tester           ║
╚══════════════════════════════════════════════════════════╝

  Target:      http://localhost:3000
  Concurrency: 200 workers
  Duration:    1m0s
  Ramp-up:     2s

  [████████████████████] 100% | 1036694 reqs sent


╔══════════════════════════════════════════════════════════════════════╗
║                         STRESS TEST REPORT                          ║
╚══════════════════════════════════════════════════════════════════════╝

  Total Requests:              1036887
  Throughput:                  17281 req/s
  Overall Success Rate:        100.0%
  Total Errors:                0

  ── Global Latency (ms) ───────────────────────────────────────────────

  Mean         StdDev       p50          p75          p95          p99
  ──────────   ──────────   ──────────   ──────────   ──────────   ──────────
  11.35        4.90         11.70        14.28        18.69        22.40

  ── Status Code Distribution ─────────────────────────────────────────

  HTTP 200  1036887  (100.0%)  ▓▓▓▓▓▓▓▓▓▓▓▓▓▓▓▓▓▓▓▓▓▓▓▓▓▓▓▓▓▓▓▓▓▓▓▓▓▓▓▓▓▓▓▓▓▓▓▓▓▓

  ── Per-Endpoint Breakdown ────────────────────────────────────────────

  Endpoint                                Reqs  Mean ms      p50      p95      p99    Succ%   Errs
  ─────────────────────────────────────────────────────────────────────────────────────────────────
  GET /boardconfig                       31086     1.06     0.85     2.57     3.94  100.0%     0
  GET /health                            52123     1.05     0.85     2.52     3.86  100.0%     0
  GET /info                              72552    12.77    12.37    19.65    23.62  100.0%     0
  GET /leaderboard                      103437    11.81    11.50    17.86    21.44  100.0%     0
  GET /leaderboard/json                 258574    11.74    11.43    17.77    21.35  100.0%     0
  GET /leaderboard/json/{num}            82834    11.81    11.50    17.87    21.40  100.0%     0
  GET /performance                       20925     1.06     0.86     2.52     3.81  100.0%     0
  POST /add                             415356    13.22    12.91    19.70    23.30  100.0%     0

  ── Latency Histogram (ms) ───────────────────────────────────────────

    0–5   ms |██████                                  | 120219 (11.6%)
    5–10  ms |███████████                             | 208141 (20.1%)
   10–25  ms |████████████████████████████████████████| 705406 (68.0%)
   25–50  ms |                                        |   3119 ( 0.3%)
   50–100 ms |                                        |      2 ( 0.0%)
  100–250 ms |                                        |      0 ( 0.0%)
  250–500 ms |                                        |      0 ( 0.0%)
  500+    ms |                                        |      0 ( 0.0%)

  ── Recommendations ──────────────────────────────────────────────────

  ✓  Success rate looks healthy at 100.0%.
  ✓  p95 latency is 19ms — within acceptable range.
  ✓  p99 latency is 22ms.

  Peak throughput: 17281 req/s across 200 workers.

╔══════════════════════════════════════════════════════════════════════╗
║  Done. Re-run with -concurrency and -duration to explore limits.     ║
╚══════════════════════════════════════════════════════════════════════╝
